apiVersion: v1
kind: Service
metadata:
  labels:
    app.kubernetes.io/component: query-frontend
    app.kubernetes.io/instance: loki
    app.kubernetes.io/managed-by: Helm
    app.kubernetes.io/name: loki-distributed
    app.kubernetes.io/version: 2.9.2
    helm.sh/chart: loki-distributed-0.78.2
    prometheus.io/service-monitor: 'false'
  name: loki-query-frontend-headless
  namespace: syn-loki
spec:
  clusterIP: None
  ports:
    - name: http
      port: 3100
      protocol: TCP
      targetPort: http
    - name: grpc
      port: 9095
      protocol: TCP
      targetPort: grpc
    - name: grpclb
      port: 9096
      protocol: TCP
      targetPort: grpc
  publishNotReadyAddresses: true
  selector:
    app.kubernetes.io/component: query-frontend
    app.kubernetes.io/instance: loki
    app.kubernetes.io/name: loki-distributed
  type: ClusterIP
