apiVersion: v1
data:
  runtime.yaml: |2

    {}
kind: ConfigMap
metadata:
  labels:
    app.kubernetes.io/instance: loki
    app.kubernetes.io/managed-by: Helm
    app.kubernetes.io/name: loki-distributed
    app.kubernetes.io/version: 2.9.2
    helm.sh/chart: loki-distributed-0.78.2
  name: loki-runtime
  namespace: syn-loki
