apiVersion: v1
kind: Service
metadata:
  labels:
    app.kubernetes.io/instance: loki
    app.kubernetes.io/managed-by: Helm
    app.kubernetes.io/name: loki-distributed
    app.kubernetes.io/version: 2.9.2
    helm.sh/chart: loki-distributed-0.78.2
  name: loki-memberlist
  namespace: syn-loki
spec:
  clusterIP: None
  ports:
    - name: tcp
      port: 7946
      protocol: TCP
      targetPort: http-memberlist
  selector:
    app.kubernetes.io/instance: loki
    app.kubernetes.io/name: loki-distributed
    app.kubernetes.io/part-of: memberlist
  type: ClusterIP
