apiVersion: policy/v1
kind: PodDisruptionBudget
metadata:
  labels:
    app.kubernetes.io/component: querier
    app.kubernetes.io/instance: loki
    app.kubernetes.io/managed-by: Helm
    app.kubernetes.io/name: loki-distributed
    app.kubernetes.io/version: 2.9.2
    helm.sh/chart: loki-distributed-0.78.2
  name: loki-querier
  namespace: syn-loki
spec:
  maxUnavailable: 1
  selector:
    matchLabels:
      app.kubernetes.io/component: querier
      app.kubernetes.io/instance: loki
      app.kubernetes.io/name: loki-distributed
