apiVersion: v1
kind: Service
metadata:
  labels:
    app.kubernetes.io/component: gateway
    app.kubernetes.io/instance: loki
    app.kubernetes.io/managed-by: Helm
    app.kubernetes.io/name: loki-distributed
    app.kubernetes.io/version: 2.9.2
    helm.sh/chart: loki-distributed-0.78.2
  name: loki-gateway
spec:
  ports:
    - name: http
      port: 80
      protocol: TCP
      targetPort: http
  selector:
    app.kubernetes.io/component: gateway
    app.kubernetes.io/instance: loki
    app.kubernetes.io/name: loki-distributed
  type: ClusterIP
